******************************************************************************
                  MSP430 Linker PC v4.2.1                      
******************************************************************************
>> Linked Mon Jun 30 13:27:35 2014

OUTPUT FILE NAME:   <L01-data_types.out>
ENTRY POINT SYMBOL: "_c_int00"  address: 0000e66e


MEMORY CONFIGURATION

         name            origin    length      used     unused   attr    fill
----------------------  --------  ---------  --------  --------  ----  --------
  SFR                   00000000   00000010  00000000  00000010  RWIX
  PERIPHERALS_8BIT      00000010   000000f0  00000000  000000f0  RWIX
  PERIPHERALS_16BIT     00000100   00000100  00000000  00000100  RWIX
  RAM                   00000200   00000200  000000b0  00000150  RWIX
  INFOD                 00001000   00000040  00000000  00000040  RWIX
  INFOC                 00001040   00000040  00000000  00000040  RWIX
  INFOB                 00001080   00000040  00000000  00000040  RWIX
  INFOA                 000010c0   00000040  00000000  00000040  RWIX
  FLASH                 0000c000   00003fe0  00002cd8  00001308  RWIX
  INT00                 0000ffe0   00000002  00000000  00000002  RWIX
  INT01                 0000ffe2   00000002  00000000  00000002  RWIX
  INT02                 0000ffe4   00000002  00000002  00000000  RWIX
  INT03                 0000ffe6   00000002  00000002  00000000  RWIX
  INT04                 0000ffe8   00000002  00000000  00000002  RWIX
  INT05                 0000ffea   00000002  00000002  00000000  RWIX
  INT06                 0000ffec   00000002  00000002  00000000  RWIX
  INT07                 0000ffee   00000002  00000002  00000000  RWIX
  INT08                 0000fff0   00000002  00000002  00000000  RWIX
  INT09                 0000fff2   00000002  00000002  00000000  RWIX
  INT10                 0000fff4   00000002  00000002  00000000  RWIX
  INT11                 0000fff6   00000002  00000002  00000000  RWIX
  INT12                 0000fff8   00000002  00000002  00000000  RWIX
  INT13                 0000fffa   00000002  00000002  00000000  RWIX
  INT14                 0000fffc   00000002  00000002  00000000  RWIX
  RESET                 0000fffe   00000002  00000002  00000000  RWIX


SECTION ALLOCATION MAP

 output                                  attributes/
section   page    origin      length       input sections
--------  ----  ----------  ----------   ----------------
.pinit     0    0000c000    00000000     UNINITIALIZED

.bss       0    00000200    00000060     UNINITIALIZED
                  00000200    00000058     lab01lib.obj (.bss)
                  00000258    00000004     rts430.lib : _lock.obj (.bss)
                  0000025c    00000004                : boot.obj (.bss)

.data      0    00000200    00000000     UNINITIALIZED

.stack     0    000003b0    00000050     UNINITIALIZED
                  000003b0    00000002     rts430.lib : boot.obj (.stack)
                  000003b2    0000004e     --HOLE--

.text      0    0000c000    00002828     
                  0000c000    00000716     lab01.obj (.text:main)
                  0000c716    000003b2     rts430.lib : llmath.obj (.text:__divull)
                  0000cac8    00000212                : _printfi.obj (.text:_setfield)
                  0000ccda    000001de                : _printfi.obj (.text:__TI_printfi)
                  0000ceb8    000001a6                : _printfi.obj (.text:_pproc_fge)
                  0000d05e    00000172                : _printfi.obj (.text:ecvt)
                  0000d1d0    0000016a                : _printfi.obj (.text:fcvt)
                  0000d33a    00000168                : _printfi.obj (.text:_getarg_diouxp)
                  0000d4a2    00000154                : _printfi.obj (.text:_pconv_e)
                  0000d5f6    0000013e                : _printfi.obj (.text:_pproc_diouxp)
                  0000d734    00000130                : fs_add.obj (.text)
                  0000d864    00000114                : mult64.obj (.text:__mpyll)
                  0000d978    00000106                : _printfi.obj (.text:_ltostr)
                  0000da7e    000000fe                : _printfi.obj (.text:_pproc_fwp)
                  0000db7c    000000fc                : _printfi.obj (.text:_pconv_g)
                  0000dc78    000000c2                : fs_mpy.obj (.text)
                  0000dd3a    000000ac                : _printfi.obj (.text:_pproc_str)
                  0000dde6    0000009a                : fs_div.obj (.text)
                  0000de80    00000090                : _printfi.obj (.text:_mcpy)
                  0000df10    0000008a                : _printfi.obj (.text:_div)
                  0000df9a    00000086                : _printfi.obj (.text:_ecpy)
                  0000e020    00000084                : ltoa.obj (.text:ltoa)
                  0000e0a4    0000007e     lab01lib.obj (.text:lab01_init)
                  0000e122    0000007e     rts430.lib : fs_tol.obj (.text)
                  0000e1a0    00000074                : _printfi.obj (.text:_pconv_f)
                  0000e214    0000005c                : lsr32.obj (.text:l_lsr_const)
                  0000e270    00000058                : div32u.obj (.text)
                  0000e2c8    00000054                : atoi.obj (.text:atoi)
                  0000e31c    0000004e                : _printfi.obj (.text:_fcpy)
                  0000e36a    0000004a                : llmath.obj (.text:__lsrll)
                  0000e3b4    0000004a                : fs_cmp.obj (.text)
                  0000e3fe    0000004a                : fs_ltof.obj (.text)
                  0000e448    00000048                : llmath.obj (.text:__lslll)
                  0000e490    00000048                : autoinit.obj (.text:_auto_init)
                  0000e4d8    00000046                : fs_tou.obj (.text)
                  0000e51e    00000044                : _printfi.obj (.text:_pproc_fflags)
                  0000e562    00000040                : div32s.obj (.text)
                  0000e5a2    0000003c                : xfdtest.obj (.text:_FDtest)
                  0000e5de    00000038                : sprintf.obj (.text:sprintf)
                  0000e616    0000002c                : asr16.obj (.text)
                  0000e642    0000002c                : lsl16.obj (.text)
                  0000e66e    00000026                : boot.obj (.text:_c_int00_noexit)
                  0000e694    00000026                : mult32.obj (.text)
                  0000e6ba    00000022                : mult1632.obj (.text:__mpyul)
                  0000e6dc    0000001c                : memccpy.obj (.text:memccpy)
                  0000e6f8    0000001a     lab01lib.obj (.text:WDT_ISR)
                  0000e712    0000001a     rts430.lib : sprintf.obj (.text:_outs)
                  0000e72c    00000016                : div16u.obj (.text)
                  0000e742    00000014                : xfdclass.obj (.text:_FDclass)
                  0000e756    00000014                : memset.obj (.text:memset)
                  0000e76a    00000014                : mult16.obj (.text)
                  0000e77e    00000012                : sprintf.obj (.text:_outc)
                  0000e790    00000012                : lsr32.obj (.text:l_lsr)
                  0000e7a2    00000012                : memcpy.obj (.text:memcpy)
                  0000e7b4    00000012     lab01lib.obj (.text:print)
                  0000e7c6    00000010     rts430.lib : epilog.obj (.text)
                  0000e7d6    0000000e                : strlen.obj (.text:strlen)
                  0000e7e4    0000000c     lab01lib.obj (.text:putchar)
                  0000e7f0    0000000c     rts430.lib : toupper.obj (.text:toupper)
                  0000e7fc    0000000a                : abs.obj (.text:abs)
                  0000e806    0000000a                : fs_neg.obj (.text)
                  0000e810    00000008     lab01lib.obj (.text:ADC10_ISR)
                  0000e818    00000006     rts430.lib : isr_trap.obj (.text:__TI_ISR_TRAP)
                  0000e81e    00000004                : pre_init.obj (.text:_system_pre_init)
                  0000e822    00000004                : exit.obj (.text:abort)
                  0000e826    00000002                : _lock.obj (.text:_nop)

.const     0    0000e828    00000498     
                  0000e828    0000036e     lab01.obj (.const:.string)
                  0000eb96    00000102     rts430.lib : ctype.obj (.const:.string:_ctypes_)
                  0000ec98    00000024                : _printfi.obj (.const:.string)
                  0000ecbc    00000004     lab01lib.obj (.const)

.cinit     0    0000ecc0    00000018     
                  0000ecc0    00000015     lab01lib.obj (.cinit)
                  0000ecd5    00000001     --HOLE-- [fill = 0]
                  0000ecd6    00000002     (.pad.cinit) [fill = 0]

PORT1      0    0000ffe4    00000002     
                  0000ffe4    00000002     rts430.lib : int02.obj (.int02)

PORT2      0    0000ffe6    00000002     
                  0000ffe6    00000002     rts430.lib : int03.obj (.int03)

ADC10      0    0000ffea    00000002     
                  0000ffea    00000002     lab01lib.obj (.int05)

USCIAB0TX 
*          0    0000ffec    00000002     
                  0000ffec    00000002     rts430.lib : int06.obj (.int06)

USCIAB0RX 
*          0    0000ffee    00000002     
                  0000ffee    00000002     rts430.lib : int07.obj (.int07)

TIMER0_A1 
*          0    0000fff0    00000002     
                  0000fff0    00000002     rts430.lib : int08.obj (.int08)

TIMER0_A0 
*          0    0000fff2    00000002     
                  0000fff2    00000002     rts430.lib : int09.obj (.int09)

WDT        0    0000fff4    00000002     
                  0000fff4    00000002     lab01lib.obj (.int10)

COMPARATORA 
*          0    0000fff6    00000002     
                  0000fff6    00000002     rts430.lib : int11.obj (.int11)

TIMER1_A1 
*          0    0000fff8    00000002     
                  0000fff8    00000002     rts430.lib : int12.obj (.int12)

TIMER1_A0 
*          0    0000fffa    00000002     
                  0000fffa    00000002     rts430.lib : int13.obj (.int13)

NMI        0    0000fffc    00000002     
                  0000fffc    00000002     rts430.lib : int14.obj (.int14)

.reset     0    0000fffe    00000002     
                  0000fffe    00000002     rts430.lib : boot.obj (.reset)


GLOBAL SYMBOLS: SORTED ALPHABETICALLY BY Name 

address    name
--------   ----
00000200   .bss
00000200   .data
0000c000   .text
0000004a   ADC10AE0
000001b0   ADC10CTL0
000001b2   ADC10CTL1
00000048   ADC10DTC0
00000049   ADC10DTC1
000001b4   ADC10MEM
000001bc   ADC10SA
0000e810   ADC10_ISR
00000057   BCSCTL1
00000058   BCSCTL2
00000053   BCSCTL3
0000e822   C$$EXIT
00000059   CACTL1
0000005a   CACTL2
000010fb   CALBC1_12MHZ
000010f9   CALBC1_16MHZ
000010ff   CALBC1_1MHZ
000010fd   CALBC1_8MHZ
000010fa   CALDCO_12MHZ
000010f8   CALDCO_16MHZ
000010fe   CALDCO_1MHZ
000010fc   CALDCO_8MHZ
0000005b   CAPD
00000056   DCOCTL
00000128   FCTL1
0000012a   FCTL2
0000012c   FCTL3
00000000   IE1
00000001   IE2
00000002   IFG1
00000003   IFG2
0000e616   I_ASR
0000e63e   I_ASR_1
0000e62c   I_ASR_10
0000e62a   I_ASR_11
0000e628   I_ASR_12
0000e626   I_ASR_13
0000e624   I_ASR_14
0000e622   I_ASR_15
0000e63c   I_ASR_2
0000e63a   I_ASR_3
0000e638   I_ASR_4
0000e636   I_ASR_5
0000e634   I_ASR_6
0000e632   I_ASR_7
0000e630   I_ASR_8
0000e62e   I_ASR_9
0000e642   I_LSL
0000e66a   I_LSL_1
0000e658   I_LSL_10
0000e656   I_LSL_11
0000e654   I_LSL_12
0000e652   I_LSL_13
0000e650   I_LSL_14
0000e64e   I_LSL_15
0000e668   I_LSL_2
0000e666   I_LSL_3
0000e664   I_LSL_4
0000e662   I_LSL_5
0000e660   I_LSL_6
0000e65e   I_LSL_7
0000e65c   I_LSL_8
0000e65a   I_LSL_9
0000e790   L_LSR
0000e268   L_LSR_1
0000e232   L_LSR_10
0000e22c   L_LSR_11
0000e226   L_LSR_12
0000e220   L_LSR_13
0000e21a   L_LSR_14
0000e214   L_LSR_15
0000e262   L_LSR_2
0000e25c   L_LSR_3
0000e256   L_LSR_4
0000e250   L_LSR_5
0000e24a   L_LSR_6
0000e244   L_LSR_7
0000e23e   L_LSR_8
0000e238   L_LSR_9
00000022   P1DIR
00000025   P1IE
00000024   P1IES
00000023   P1IFG
00000020   P1IN
00000021   P1OUT
00000027   P1REN
00000026   P1SEL
00000041   P1SEL2
0000002a   P2DIR
0000002d   P2IE
0000002c   P2IES
0000002b   P2IFG
00000028   P2IN
00000029   P2OUT
0000002f   P2REN
0000002e   P2SEL
00000042   P2SEL2
0000001a   P3DIR
00000018   P3IN
00000019   P3OUT
00000010   P3REN
0000001b   P3SEL
00000043   P3SEL2
00000172   TA0CCR0
00000174   TA0CCR1
00000176   TA0CCR2
00000162   TA0CCTL0
00000164   TA0CCTL1
00000166   TA0CCTL2
00000160   TA0CTL
0000012e   TA0IV
00000170   TA0R
00000192   TA1CCR0
00000194   TA1CCR1
00000196   TA1CCR2
00000182   TA1CCTL0
00000184   TA1CCTL1
00000186   TA1CCTL2
00000180   TA1CTL
0000011e   TA1IV
00000190   TA1R
0000005d   UCA0ABCTL
00000062   UCA0BR0
00000063   UCA0BR1
00000060   UCA0CTL0
00000061   UCA0CTL1
0000005f   UCA0IRRCTL
0000005e   UCA0IRTCTL
00000064   UCA0MCTL
00000066   UCA0RXBUF
00000065   UCA0STAT
00000067   UCA0TXBUF
0000006a   UCB0BR0
0000006b   UCB0BR1
00000068   UCB0CTL0
00000069   UCB0CTL1
0000006c   UCB0I2CIE
00000118   UCB0I2COA
0000011a   UCB0I2CSA
0000006e   UCB0RXBUF
0000006d   UCB0STAT
0000006f   UCB0TXBUF
00000120   WDTCTL
0000e6f8   WDT_ISR
00000242   WDT_Sec_Cnt
0000e742   _FDclass
0000e5a2   _FDtest
00000400   __STACK_END
00000050   __STACK_SIZE
0000e818   __TI_ISR_TRAP
00000001   __TI_args_main
00000001   __TI_auto_init
0000025c   __TI_cleanup_ptr
0000025e   __TI_dtors_ptr
00000001   __TI_exit
0000ffe4   __TI_int02
0000ffe6   __TI_int03
0000ffea   __TI_int05
0000ffec   __TI_int06
0000ffee   __TI_int07
0000fff0   __TI_int08
0000fff2   __TI_int09
0000fff4   __TI_int10
0000fff6   __TI_int11
0000fff8   __TI_int12
0000fffa   __TI_int13
0000fffc   __TI_int14
0000ccda   __TI_printfi
ffffffff   __binit__
00000200   __bss__
ffffffff   __c_args__
0000ecc0   __cinit__
00000200   __data__
0000e562   __divli
0000e72c   __divu
0000e270   __divul
0000c716   __divull
00000200   __edata__
00000260   __end__
0000e828   __etext__
0000d73a   __fs_add
0000e3b4   __fs_cmp
0000dde6   __fs_div
0000e3fe   __fs_ltof
0000dc78   __fs_mpy
0000e806   __fs_neg
0000d734   __fs_sub
0000e122   __fs_tol
0000e4d8   __fs_tou
0000e448   __lslll
0000e36a   __lsrll
0000e76a   __mpyi
0000e694   __mpyl
0000d864   __mpyll
0000e6ba   __mpyul
ffffffff   __pinit__
0000e562   __remli
0000e72c   __remu
0000e270   __remul
0000c000   __text__
0000e490   _auto_init
0000e66e   _c_int00
0000e66e   _c_int00_noexit
0000eb96   _ctypes_
00000258   _lock
0000e826   _nop
0000fffe   _reset_vector
000003b0   _stack
0000e81e   _system_pre_init
0000025a   _unlock
0000e822   abort
0000e7fc   abs
0000e2c8   atoi
0000ecbc   baud_rate_20_bits
ffffffff   binit
00000202   buffer
0000ecc0   cinit
00000200   count
00000200   edata
00000260   end
0000e828   etext
0000e7d2   func_epilog_1
0000e7d0   func_epilog_2
0000e7ce   func_epilog_3
0000e7cc   func_epilog_4
0000e7ca   func_epilog_5
0000e7c8   func_epilog_6
0000e7c6   func_epilog_7
0000e0a4   lab01_init
0000e020   ltoa
0000c000   main
0000e6dc   memccpy
0000e7a2   memcpy
0000e756   memset
ffffffff   pinit
0000e7b4   print
0000e7e4   putchar
0000e5de   sprintf
0000e7d6   strlen
00000244   tics
0000e7f0   toupper


GLOBAL SYMBOLS: SORTED BY Symbol Address 

address    name
--------   ----
00000000   IE1
00000001   IE2
00000001   __TI_args_main
00000001   __TI_auto_init
00000001   __TI_exit
00000002   IFG1
00000003   IFG2
00000010   P3REN
00000018   P3IN
00000019   P3OUT
0000001a   P3DIR
0000001b   P3SEL
00000020   P1IN
00000021   P1OUT
00000022   P1DIR
00000023   P1IFG
00000024   P1IES
00000025   P1IE
00000026   P1SEL
00000027   P1REN
00000028   P2IN
00000029   P2OUT
0000002a   P2DIR
0000002b   P2IFG
0000002c   P2IES
0000002d   P2IE
0000002e   P2SEL
0000002f   P2REN
00000041   P1SEL2
00000042   P2SEL2
00000043   P3SEL2
00000048   ADC10DTC0
00000049   ADC10DTC1
0000004a   ADC10AE0
00000050   __STACK_SIZE
00000053   BCSCTL3
00000056   DCOCTL
00000057   BCSCTL1
00000058   BCSCTL2
00000059   CACTL1
0000005a   CACTL2
0000005b   CAPD
0000005d   UCA0ABCTL
0000005e   UCA0IRTCTL
0000005f   UCA0IRRCTL
00000060   UCA0CTL0
00000061   UCA0CTL1
00000062   UCA0BR0
00000063   UCA0BR1
00000064   UCA0MCTL
00000065   UCA0STAT
00000066   UCA0RXBUF
00000067   UCA0TXBUF
00000068   UCB0CTL0
00000069   UCB0CTL1
0000006a   UCB0BR0
0000006b   UCB0BR1
0000006c   UCB0I2CIE
0000006d   UCB0STAT
0000006e   UCB0RXBUF
0000006f   UCB0TXBUF
00000118   UCB0I2COA
0000011a   UCB0I2CSA
0000011e   TA1IV
00000120   WDTCTL
00000128   FCTL1
0000012a   FCTL2
0000012c   FCTL3
0000012e   TA0IV
00000160   TA0CTL
00000162   TA0CCTL0
00000164   TA0CCTL1
00000166   TA0CCTL2
00000170   TA0R
00000172   TA0CCR0
00000174   TA0CCR1
00000176   TA0CCR2
00000180   TA1CTL
00000182   TA1CCTL0
00000184   TA1CCTL1
00000186   TA1CCTL2
00000190   TA1R
00000192   TA1CCR0
00000194   TA1CCR1
00000196   TA1CCR2
000001b0   ADC10CTL0
000001b2   ADC10CTL1
000001b4   ADC10MEM
000001bc   ADC10SA
00000200   .bss
00000200   .data
00000200   __bss__
00000200   __data__
00000200   __edata__
00000200   count
00000200   edata
00000202   buffer
00000242   WDT_Sec_Cnt
00000244   tics
00000258   _lock
0000025a   _unlock
0000025c   __TI_cleanup_ptr
0000025e   __TI_dtors_ptr
00000260   __end__
00000260   end
000003b0   _stack
00000400   __STACK_END
000010f8   CALDCO_16MHZ
000010f9   CALBC1_16MHZ
000010fa   CALDCO_12MHZ
000010fb   CALBC1_12MHZ
000010fc   CALDCO_8MHZ
000010fd   CALBC1_8MHZ
000010fe   CALDCO_1MHZ
000010ff   CALBC1_1MHZ
0000c000   .text
0000c000   __text__
0000c000   main
0000c716   __divull
0000ccda   __TI_printfi
0000d734   __fs_sub
0000d73a   __fs_add
0000d864   __mpyll
0000dc78   __fs_mpy
0000dde6   __fs_div
0000e020   ltoa
0000e0a4   lab01_init
0000e122   __fs_tol
0000e214   L_LSR_15
0000e21a   L_LSR_14
0000e220   L_LSR_13
0000e226   L_LSR_12
0000e22c   L_LSR_11
0000e232   L_LSR_10
0000e238   L_LSR_9
0000e23e   L_LSR_8
0000e244   L_LSR_7
0000e24a   L_LSR_6
0000e250   L_LSR_5
0000e256   L_LSR_4
0000e25c   L_LSR_3
0000e262   L_LSR_2
0000e268   L_LSR_1
0000e270   __divul
0000e270   __remul
0000e2c8   atoi
0000e36a   __lsrll
0000e3b4   __fs_cmp
0000e3fe   __fs_ltof
0000e448   __lslll
0000e490   _auto_init
0000e4d8   __fs_tou
0000e562   __divli
0000e562   __remli
0000e5a2   _FDtest
0000e5de   sprintf
0000e616   I_ASR
0000e622   I_ASR_15
0000e624   I_ASR_14
0000e626   I_ASR_13
0000e628   I_ASR_12
0000e62a   I_ASR_11
0000e62c   I_ASR_10
0000e62e   I_ASR_9
0000e630   I_ASR_8
0000e632   I_ASR_7
0000e634   I_ASR_6
0000e636   I_ASR_5
0000e638   I_ASR_4
0000e63a   I_ASR_3
0000e63c   I_ASR_2
0000e63e   I_ASR_1
0000e642   I_LSL
0000e64e   I_LSL_15
0000e650   I_LSL_14
0000e652   I_LSL_13
0000e654   I_LSL_12
0000e656   I_LSL_11
0000e658   I_LSL_10
0000e65a   I_LSL_9
0000e65c   I_LSL_8
0000e65e   I_LSL_7
0000e660   I_LSL_6
0000e662   I_LSL_5
0000e664   I_LSL_4
0000e666   I_LSL_3
0000e668   I_LSL_2
0000e66a   I_LSL_1
0000e66e   _c_int00
0000e66e   _c_int00_noexit
0000e694   __mpyl
0000e6ba   __mpyul
0000e6dc   memccpy
0000e6f8   WDT_ISR
0000e72c   __divu
0000e72c   __remu
0000e742   _FDclass
0000e756   memset
0000e76a   __mpyi
0000e790   L_LSR
0000e7a2   memcpy
0000e7b4   print
0000e7c6   func_epilog_7
0000e7c8   func_epilog_6
0000e7ca   func_epilog_5
0000e7cc   func_epilog_4
0000e7ce   func_epilog_3
0000e7d0   func_epilog_2
0000e7d2   func_epilog_1
0000e7d6   strlen
0000e7e4   putchar
0000e7f0   toupper
0000e7fc   abs
0000e806   __fs_neg
0000e810   ADC10_ISR
0000e818   __TI_ISR_TRAP
0000e81e   _system_pre_init
0000e822   C$$EXIT
0000e822   abort
0000e826   _nop
0000e828   __etext__
0000e828   etext
0000eb96   _ctypes_
0000ecbc   baud_rate_20_bits
0000ecc0   __cinit__
0000ecc0   cinit
0000ffe4   __TI_int02
0000ffe6   __TI_int03
0000ffea   __TI_int05
0000ffec   __TI_int06
0000ffee   __TI_int07
0000fff0   __TI_int08
0000fff2   __TI_int09
0000fff4   __TI_int10
0000fff6   __TI_int11
0000fff8   __TI_int12
0000fffa   __TI_int13
0000fffc   __TI_int14
0000fffe   _reset_vector
ffffffff   __binit__
ffffffff   __c_args__
ffffffff   __pinit__
ffffffff   binit
ffffffff   pinit

[244 symbols]
